INITIALPATH:7:33: error:
    • Variable not in scope: width
    • In the quasi-quotation: [fmt|Hello {pi:{width}}|]
  |
7 | main = putStrLn [fmt|Hello {pi:{width}}|]
  |                                 ^^^^^